// Jest Snapshot v1, https://goo.gl/fbAQLP

exports[`Forgot password Should not set a new password with wrong key 1`] = `
Object {
  "errors": Array [
    Object {
      "message": "Expired key",
      "path": "key",
    },
  ],
  "ok": false,
}
`;
