// Jest Snapshot v1, https://goo.gl/fbAQLP

exports[`logout logout a user 1`] = `
Object {
  "logout": true,
}
`;
